../Replicator430/JTAGfunc430.c:101:6:DR_Shift16	16	static
../Replicator430/JTAGfunc430.c:127:6:IR_Shift	16	static
../Replicator430/JTAGfunc430.c:151:6:ResetTAP	16	static
../Replicator430/JTAGfunc430.c:187:6:ExecutePOR	16	static
../Replicator430/JTAGfunc430.c:215:6:SetInstrFetch	16	static
../Replicator430/JTAGfunc430.c:237:6:SetPC	16	static
../Replicator430/JTAGfunc430.c:259:6:HaltCPU	8	static
../Replicator430/JTAGfunc430.c:274:6:ReleaseCPU	8	static
../Replicator430/JTAGfunc430.c:290:6:VerifyPSA	24	static
../Replicator430/JTAGfunc430.c:377:13:CheckJtagFuse_JTAG	8	static,ignoring_inline_asm
../Replicator430/JTAGfunc430.c:391:13:EntrySequences_RstHigh_JTAG	8	static
../Replicator430/JTAGfunc430.c:424:13:StartJtag	8	static
../Replicator430/JTAGfunc430.c:446:13:StopJtag	8	static
../Replicator430/JTAGfunc430.c:461:6:GetDevice	24	static
../Replicator430/JTAGfunc430.c:523:6:ReleaseDevice	16	static
../Replicator430/JTAGfunc430.c:543:6:WriteMem	16	static
../Replicator430/JTAGfunc430.c:571:6:WriteMemQuick	24	static
../Replicator430/JTAGfunc430.c:598:6:WriteFLASH	24	static
../Replicator430/JTAGfunc430.c:679:6:WriteFLASHallSections	32	static
../Replicator430/JTAGfunc430.c:702:6:ReadMem	24	static
../Replicator430/JTAGfunc430.c:735:6:ReadMemQuick	32	static
../Replicator430/JTAGfunc430.c:764:6:EraseFLASH	24	static
../Replicator430/JTAGfunc430.c:851:6:EraseCheck	16	static
../Replicator430/JTAGfunc430.c:863:6:VerifyMem	16	static
../Replicator430/JTAGfunc430.c:871:6:IsFuseBlown	16	static
../Replicator430/JTAGfunc430.c:888:6:UnlockInfoA	4	static
